
> japan-stock-prophet@0.1.0 build
> next build

笆ｲ Next.js 16.1.5 (Turbopack)
- Environments: .env.local

  Creating an optimized production build ...
笨・Compiled successfully in 2.7s
  Running TypeScript ...
node.exe : Failed to compile.
発生場所 行:1 文字:1
+ & "C:\Program Files\nodejs/node.exe" "C:\Program Files\node
js/node_mo ...
+ ~~~~~~~~~~~~~~~~~~~~~~~~~~~~~~~~~~~~~~~~~~~~~~~~~~~~~~~~~~~
~~~~~~~~~~
    + CategoryInfo          : NotSpecified: (Failed to compi 
   le.:String) [], RemoteException
    + FullyQualifiedErrorId : NativeCommandError
 

./app/components/WeekendPlanSection.tsx:405:86
Type error: 'long_term_snapshot.shareholder_returns' is possi
bly 'undefined'.

[0m [90m 403 |[39m                                        
         [33m<[39m[33m/[39m[33mh4[39m[33m>[39m
 [90m 404 |[39m                                            
     [33m<[39m[33mdiv[39m className[33m=[39m[32m"grid 
grid-cols-2 gap-y-3 gap-x-4"[39m[33m>[39m
[31m[1m>[22m[39m[90m 405 |[39m                         
                            [33m<[39m[33mMetricItem[39m l
abel[33m=[39m[32m"驟榊ｽ灘茜蝗槭ｊ"[39m value[33m=[39m{long_ter
m_snapshot[33m?[39m[33m.[39mshareholder_returns[33m.[39
mdividend_yield [33m?[39m [32m`${(long_term_snapshot.share
holder_returns.dividend_yield * 100).toFixed(2)}%`[39m [33m
:[39m [32m'---'[39m} [33m/[39m[33m>[39m
 [90m     |[39m                                            
                                          [31m[1m^[22m[39
m
 [90m 406 |[39m                                            
         [33m<[39m[33mMetricItem[39m label[33m=[39m[32
m"驟榊ｽ捺ｧ蜷・[39m value[33m=[39m{long_term_snapshot[33m?[39
m[33m.[39mshareholder_returns[33m.[39mpayout_ratio [33m?
[39m [32m`${(long_term_snapshot.shareholder_returns.payout_
ratio * 100).toFixed(1)}%`[39m [33m:[39m [32m'---'[39m} 
[33m/[39m[33m>[39m
 [90m 407 |[39m                                            
     [33m<[39m[33m/[39m[33mdiv[39m[33m>[39m
 [90m 408 |[39m                                            
 [33m<[39m[33m/[39m[33mdiv[39m[33m>[39m[0m
Next.js build worker exited with code: 1 and signal: null
